// Jest Snapshot v1, https://goo.gl/fbAQLP

exports[`should render LoadingPage correctly 1`] = `
<div
  className="loader-container"
>
  <ul
    className="loader"
  >
    <li />
    <li />
    <li />
    <li />
    <li />
    <li />
    <li />
    <li />
    <li />
  </ul>
</div>
`;
